
<DESCRIBE::>group 1

<DESCRIBE::>group 1 1

<IT::>test 1

<FAILED::>1 should equal 2

<COMPLETEDIN::>0.01

<COMPLETEDIN::>0.02

<COMPLETEDIN::>0.02
