
<FAILED::>1 should equal 2

<PASSED::>Test Passed
