
<DESCRIBE::>group 1

<IT::>test 1

<PASSED::>Test Passed
