
<DESCRIBE::>group 1

<IT::>test 1

<PASSED::>Test Passed

<COMPLETEDIN::>0.00

<IT::>test 2

<FAILED::>1 should equal 2

<COMPLETEDIN::>0.00

<COMPLETEDIN::>0.02
