
<DESCRIBE::>group 1

<IT::>test 1

<PASSED::>Test Passed

<COMPLETEDIN::>0.01

<COMPLETEDIN::>0.02
